Jul 28 10:03:10 linuxbox-hubv3 node[12084]: 2026-07-28 10:03:10.370 INFO   BleProxyConnection   [ble0] BLE proxy handshake complete (version 1)
Jul 28 10:07:56 linuxbox-hubv3 node[12084]: 2026-07-28 10:07:56.665 INFO   SoftwareUp~teManager No updatable nodes found
Jul 29 08:59:42 linuxbox-hubv3 node[12084]: 2026-07-29 08:59:42.188 INFO   WebSocketC~erHandler [1] WebSocket connection established
Jul 29 08:59:42 linuxbox-hubv3 node[12084]: 2026-07-29 08:59:42.255 INFO   WebSocketC~erHandler WebSocket server start_listening
Jul 29 08:59:42 linuxbox-hubv3 node[12084]: 2026-07-29 08:59:42.265 INFO   WebSocketC~erHandler WebSocket server start_listening. Returned 0 nodes
Jul 29 09:02:17 linuxbox-hubv3 node[12084]: 2026-07-29 09:02:17.476 INFO   ConfigStorage        Set config key nextNodeId to 8
Jul 29 09:02:17 linuxbox-hubv3 node[12084]: 2026-07-29 09:02:17.506 INFO   Discovery            Initiating discovery of node with discriminator 0
Jul 29 09:02:17 linuxbox-hubv3 node[12084]: 2026-07-29 09:02:17.549 INFO   ProxyBleClient       Discovered commissionable device DD:DD:DD:DD:DD:DD (DD:DD:DD:DD:DD:DD) rssi=-39 via proxy
Jul 29 09:02:17 linuxbox-hubv3 node[12084]: 2026-07-29 09:02:17.556 INFO   ProxyBleClient       Discovered commissionable device CC:CC:CC:CC:CC:CC (CC:CC:CC:CC:CC:CC) rssi=-40 via proxy
Jul 29 09:02:17 linuxbox-hubv3 node[12084]: 2026-07-29 09:02:17.817 INFO   CommissioningClient  Operational address for undefined set to
Jul 29 09:02:17 linuxbox-hubv3 node[12084]: 2026-07-29 09:02:17.821 INFO   CommissioningClient  Operational address for undefined set to
Jul 29 09:02:17 linuxbox-hubv3 node[12084]: 2026-07-29 09:02:17.828 INFO   Endpoint             server-2-134b.peer1 ready endpoint#: 0 type: RootNode (0x16) behaviors: 💤parts ✓index ✓commissioning ✓network
Jul 29 09:02:17 linuxbox-hubv3 node[12084]: 2026-07-29 09:02:17.833 INFO   Endpoint             server-2-134b.peer2 ready endpoint#: 0 type: RootNode (0x16) behaviors: 💤parts ✓index ✓commissioning ✓network
Jul 29 09:02:17 linuxbox-hubv3 node[12084]: 2026-07-29 09:02:17.891 INFO   Controller~missioner Establish PASE to device VP: 5127+4232
Jul 29 09:02:18 linuxbox-hubv3 node[12084]: 2026-07-29 09:02:18.502 INFO   ProxyBleChannel      Connected to CC:CC:CC:CC:CC:CC, handle=1, BTP segment size=20 bytes (peripheral ATT_MTU up to 23), rssi=-40
Jul 29 09:02:18 linuxbox-hubv3 node[12084]: 2026-07-29 09:02:18.857 INFO   Controller~missioner Establish PASE to device VP: 5127+4232
Jul 29 09:02:28 linuxbox-hubv3 node[12084]: 2026-07-29 09:02:28.888 WARN   ParallelPa~Discovery Unexpected error from parallel commissioning attempt: connection_failed: Timeout connecting to DD:DD:DD:DD:DD:DD
Jul 29 09:02:28 linuxbox-hubv3 node[12084]:   at BleProxyConnection.#handleResponse (/srv/matter_server/node_modules/@matter-server/ble-proxy/src/BleProxyConnection.ts:240:30)
Jul 29 09:02:28 linuxbox-hubv3 node[12084]:   at BleProxyConnection.#handleTextMessage (/srv/matter_server/node_modules/@matter-server/ble-proxy/src/BleProxyConnection.ts:182:18)
Jul 29 09:02:28 linuxbox-hubv3 node[12084]:   at WebSocket.<anonymous> (/srv/matter_server/node_modules/@matter-server/ble-proxy/src/BleProxyConnection.ts:95:22)
Jul 29 09:02:28 linuxbox-hubv3 node[12084]:   at WebSocket.emit (node:events:509:28)
Jul 29 09:02:28 linuxbox-hubv3 node[12084]:   at Receiver.receiverOnMessage (/srv/matter_server/node_modules/ws/lib/websocket.js:1239:20)
Jul 29 09:02:28 linuxbox-hubv3 node[12084]:   at Receiver.emit (node:events:509:28)
Jul 29 09:02:28 linuxbox-hubv3 node[12084]:   at Receiver.dataMessage (/srv/matter_server/node_modules/ws/lib/receiver.js:633:14)
Jul 29 09:02:28 linuxbox-hubv3 node[12084]:   at Receiver.getData (/srv/matter_server/node_modules/ws/lib/receiver.js:532:10)
Jul 29 09:02:28 linuxbox-hubv3 node[12084]:   at Receiver.startLoop (/srv/matter_server/node_modules/ws/lib/receiver.js:190:16)
Jul 29 09:02:28 linuxbox-hubv3 node[12084]:   at Receiver._write (/srv/matter_server/node_modules/ws/lib/receiver.js:117:10)
Jul 29 09:02:32 linuxbox-hubv3 node[12084]: 2026-07-29 09:02:32.622 INFO   PaseClient           Paired successfully » ble-proxy://CC:CC:CC:CC:CC:CC 3↔3
Jul 29 09:02:32 linuxbox-hubv3 node[12084]: 2026-07-29 09:02:32.646 INFO   Session              •unsecured#1cef1ed10d8b3420 Channel detached
Jul 29 09:02:32 linuxbox-hubv3 node[12084]: 2026-07-29 09:02:32.713 INFO   Controller~missioner Start commissioning of node @1:7 into fabric 2
Jul 29 09:02:32 linuxbox-hubv3 node[12084]: 2026-07-29 09:02:32.754 INFO   Controller~missioner Executing commissioning step 0.1: GetInitialData
Jul 29 09:02:32 linuxbox-hubv3 node[12084]: 2026-07-29 09:02:32.818 INFO   ClientInteraction    Read » @0:0•eb81(ble)⇵0bc4 attributes: 0.operationalCredentials.*, 0.descriptor.*, 0.basicInformation.*, 0.generalCommissioning.*
Jul 29 09:02:37 linuxbox-hubv3 node[12084]: 2026-07-29 09:02:37.248 INFO   ClientInteraction    Read « @0:0•eb81(ble)⇵0bc4 attributes: 8 events: 0
Jul 29 09:02:37 linuxbox-hubv3 node[12084]: 2026-07-29 09:02:37.259 INFO   ClientInteraction    Read » @0:0•eb81(ble)⇵0bc5 attributes: *.networkCommissioning.*, *.otaSoftwareUpdateRequestor.*
Jul 29 09:02:38 linuxbox-hubv3 node[12084]: 2026-07-29 09:02:38.987 INFO   ClientInteraction    Read « @0:0•eb81(ble)⇵0bc5 attributes: 3 events: 0
Jul 29 09:02:38 linuxbox-hubv3 node[12084]: 2026-07-29 09:02:38.991 INFO   Controller~missioner Executing commissioning step 7.1: GeneralCommissioning.ArmFailsafe
Jul 29 09:02:38 linuxbox-hubv3 node[12084]: 2026-07-29 09:02:38.996 INFO   ClientInteraction    Read » @0:0•eb81(ble)⇵0bc6 attributes: 0.generalCommissioning.*
Jul 29 09:02:40 linuxbox-hubv3 node[12084]: 2026-07-29 09:02:40.345 INFO   ClientInteraction    Read « @0:0•eb81(ble)⇵0bc6 attributes: 1 events: 0
Jul 29 09:02:40 linuxbox-hubv3 node[12084]: 2026-07-29 09:02:40.363 INFO   ClientInteraction    Invoke » @0:0•eb81(ble)⇵0bc7 0.generalCommissioning.armFailSafe with breadcrumb: 1 expiryLengthSeconds: 60
Jul 29 09:02:41 linuxbox-hubv3 node[12084]: 2026-07-29 09:02:41.694 INFO   ClientInteraction    Invoke « @0:0•eb81(ble)⇵0bc7 0.generalCommissioning.armFailSafe errorCode: 0 debugText:
Jul 29 09:02:41 linuxbox-hubv3 node[12084]: 2026-07-29 09:02:41.698 INFO   Controller~missioner Executing commissioning step 8.1: GeneralCommissioning.ConfigureRegulatoryInformation
Jul 29 09:02:41 linuxbox-hubv3 node[12084]: 2026-07-29 09:02:41.704 INFO   ClientInteraction    Read » @0:0•eb81(ble)⇵0bc8 attributes: 0.generalCommissioning.*
Jul 29 09:02:42 linuxbox-hubv3 node[12084]: 2026-07-29 09:02:42.793 INFO   ClientInteraction    Read « @0:0•eb81(ble)⇵0bc8 attributes: 1 events: 0
Jul 29 09:02:42 linuxbox-hubv3 node[12084]: 2026-07-29 09:02:42.800 INFO   ClientInteraction    Invoke » @0:0•eb81(ble)⇵0bc9 0.generalCommissioning.setRegulatoryConfig with breadcrumb: 1 newRegulatoryConfig: 0 countryCode: XX
Jul 29 09:02:44 linuxbox-hubv3 node[12084]: 2026-07-29 09:02:44.144 INFO   ClientInteraction    Invoke « @0:0•eb81(ble)⇵0bc9 0.generalCommissioning.setRegulatoryConfig errorCode: 0 debugText:
Jul 29 09:02:44 linuxbox-hubv3 node[12084]: 2026-07-29 09:02:44.148 INFO   Controller~missioner Executing commissioning step 8.2: TimeSynchronization.SynchronizeTime
Jul 29 09:02:44 linuxbox-hubv3 node[12084]: 2026-07-29 09:02:44.150 INFO   Controller~missioner Executing commissioning step 10.1: OperationalCredentials.DeviceAttestation
Jul 29 09:02:44 linuxbox-hubv3 node[12084]: 2026-07-29 09:02:44.159 INFO   ClientInteraction    Invoke » @0:0•eb81(ble)⇵0bca 0.operationalCredentials.certificateChainRequest with certificateType: 1
Jul 29 09:02:49 linuxbox-hubv3 node[12084]: 2026-07-29 09:02:49.793 INFO   ClientInteraction    Invoke « @0:0•eb81(ble)⇵0bca 0.operationalCredentials.certificateChainRequest certificate: 308201e230820187a003020102021066cb84b64954ac7c0063ab8f976c520b300a06082a8648ce3d0403023037311f301d06035504030c16426f756666616c6f4c6162204d61747465722050414131143012060a2b0601040182a27c02010c04313330443020170d3234303131393039323832395a180f32313133303731333039333534345a304a311c301a06035504030c13424c4441432d303130302d303030303131453531143012060a2b0601040182a27c02010c043133304431143012060a2b0601040182a27c02020c04303130300059301306072a8648ce3d020106082a8648ce3d03010703420004b43985338a3f5799037a03e65e65bf2057c69971317a42cfc8c28e7a869094ab36370452ffd68d6e99cfc6425454a529e5f8275ff735b321903e17443c18f68fa360305e300c0603551d130101ff04023000301f0603551d2304183016801434a75d6b83e98ed238c411e2842875357154059d301d0603551d0e04160414e24c7c3e9b9073a46148225033b07d02ec5080b8300e0603551d0f0101ff040403020780300a06082a8648ce3d0403020349003046022100c0f082d81c99d27b7d5fc0fe7d28501a9b7daf8119091703a902eb4a9349c169022100f3c044d5fbde903d05fc5ed5bf564bfe7f91d00396245f6f6b39ed80a70c42f0
Jul 29 09:02:49 linuxbox-hubv3 node[12084]: 2026-07-29 09:02:49.804 INFO   ClientInteraction    Invoke » @0:0•eb81(ble)⇵0bcb 0.operationalCredentials.certificateChainRequest with certificateType: 2
Jul 29 09:02:55 linuxbox-hubv3 node[12084]: 2026-07-29 09:02:55.193 INFO   ClientInteraction    Invoke « @0:0•eb81(ble)⇵0bcb 0.operationalCredentials.certificateChainRequest certificate: 308201d43082017aa003020102021028ea14e45495032dc844b2fa103c788a300a06082a8648ce3d0403023037311f301d06035504030c16426f756666616c6f4c6162204d61747465722050414131143012060a2b0601040182a27c02010c04313330443020170d3234303131363034343034305a180f32313139303131363035343034305a3037311f301d06035504030c16426f756666616c6f4c6162204d61747465722050414131143012060a2b0601040182a27c02010c04313330443059301306072a8648ce3d020106082a8648ce3d03010703420004bd626dc2dab8fef0bdc1b4b5afde3967d29ec0782aea9d7db0782a26583b0d44732984b5fa906532f43c8d850d9622bcf3a145578ee0d12007a5304cc0b85763a366306430120603551d130101ff040830060101ff020100301f0603551d2304183016801465b4a881fedf585123af92a952ca908f463d75eb301d0603551d0e0416041434a75d6b83e98ed238c411e2842875357154059d300e0603551d0f0101ff040403020106300a06082a8648ce3d040302034800304502206fcca6fa5002b74b92c00e629b0969f434f1abadcfefe26e441623aa06478549022100bbead3b7ef82f5206c8e2fcd65b8e474210bc2f95b161466e41459503203e42a
Jul 29 09:02:55 linuxbox-hubv3 node[12084]: 2026-07-29 09:02:55.204 INFO   ClientInteraction    Invoke » @0:0•eb81(ble)⇵0bcc 0.operationalCredentials.attestationRequest with attestationNonce: 19c23f8abadd8d792627cb852893d904a20783da53c67f11bd54b19ece4403bf
Jul 29 09:03:00 linuxbox-hubv3 node[12084]: 2026-07-29 09:03:00.042 INFO   ClientInteraction    Invoke « @0:0•eb81(ble)⇵0bcc 0.operationalCredentials.attestationRequest attestationElements: 153001f43081f106092a864886f70d010702a081e33081e0020103310d300b0609608648016503040201304c06092a864886f70d010701a03f043d152400012501071436020588101825030d012c041343534132333135384d415434303637312d323424050024060024070124080225090d13250a000118317e307c0201038014471035e7c04eaaa8be7c4d4c13e3e4c20995a84b300b0609608648016503040201300a06082a8648ce3d04030204483046022100c6d1454977855d8e1d773e91e7d3d144ef766e48a1b46def8483515625336fea022100864620bd58f7f0ff8d4cc5145d9418a3f17e246028bc879545abc3e6a30b929f30022019c23f8abadd8d792627cb852893d904a20783da53c67f11bd54b19ece4403bf24030018 attestationSignature: a132a7dedecd902be2690aecfdc040a63736b1ac5165ed0425d7e9b8c3966306a95310a50c32281dc6f9e53524b581426d4cc2e3de374baab684f858d33e332a
Jul 29 09:03:01 linuxbox-hubv3 node[12084]: 2026-07-29 09:03:01.523 INFO   Controller~ndHandler Attestation finding (info): PaaTrustStoreTimeMismatch PAA was fetched at 2026-07-17T03:06:21.169Z which is after DAC notBefore 2024-01-19T09:28:29.000Z; cannot confirm PAA was in DCL when DAC was issued
Jul 29 09:03:01 linuxbox-hubv3 node[12084]: 2026-07-29 09:03:01.527 INFO   Controller~ndHandler Attestation accepted
Jul 29 09:03:01 linuxbox-hubv3 node[12084]: 2026-07-29 09:03:01.531 INFO   Controller~missioner Device attestation successfully verified with 1 accepted finding(s)
Jul 29 09:03:01 linuxbox-hubv3 node[12084]: 2026-07-29 09:03:01.545 INFO   Controller~missioner Executing commissioning step 11.1: OperationalCredentials.Certificates
Jul 29 09:03:01 linuxbox-hubv3 node[12084]: 2026-07-29 09:03:01.572 INFO   ClientInteraction    Invoke » @0:0•eb81(ble)⇵0bcd 0.operationalCredentials.csrRequest with csrNonce: f2952a6d3c64c67d709d96ebba64b2cda8071a602e9cb8e379aa70d90a6eb1fe
Jul 29 09:03:06 linuxbox-hubv3 node[12084]: 2026-07-29 09:03:06.146 INFO   ClientInteraction    Invoke « @0:0•eb81(ble)⇵0bcd 0.operationalCredentials.csrRequest nocsrElements: 153001cd3081ca3070020100300e310c300a060355040a0c034353523059301306072a8648ce3d020106082a8648ce3d0301070342000432f2b9a858b5dfc58c96ed8dd447232d5a5f6b501d4444e32eb61dd79f85ac86a8dd57d6c62b74bd4d4f799a5b8d209c0593a17ba2977cd1b1783a1ff53d1141a000300c06082a8648ce3d0403020500034800304502206d9d0b5db3e40a99ea2e14da8f3f7fdd981fdac3c5152d1795aa25c3803c03d7022100d71f4f987808f7dc72460d59823b77cdf3dfd80145f980e94ed1499e17d29e12300220f2952a6d3c64c67d709d96ebba64b2cda8071a602e9cb8e379aa70d90a6eb1fe18 attestationSignature: 7b4f4cce78d27389bd0a4b905631b763864db2e2fafc6b05b3a2d0a608eb56237b78b48d7cd770bfb979b56957920a5c7bfbc16540b2bb6441f671d1dc25a5f2
Jul 29 09:03:06 linuxbox-hubv3 node[12084]: 2026-07-29 09:03:06.165 INFO   ClientInteraction    Invoke » @0:0•eb81(ble)⇵0bce 0.operationalCredentials.addTrustedRootCertificate with rootCaCertificate: 15300101002402013703241400182604b1be1130260531f5be44370624140018240701240801300941042c3e245a55b81657f6a97b126f4faa74ff78b82dd2fc755ef6a8fd650028b5e225ad249818acc950195c6f815c36cfff120e860fd5d0842808b7d1779e785ac7370a35012901182402603004144ea8c9341b20a00af7775104ca2d01ef25afff043005144ea8c9341b20a00af7775104ca2d01ef25afff0418300b4006de6eff2b03eefd8cd5699fa69de2de721c78b9af8b33fc8b1480e9150c9d094421a9495b6df400b5f7a667a7069a2a746a68e46e3902f2dcb6724493a8ec5018
Jul 29 09:03:09 linuxbox-hubv3 node[12084]: 2026-07-29 09:03:09.799 INFO   ClientInteraction    Invoke « @0:0•eb81(ble)⇵0bce 0.operationalCredentials.addTrustedRootCertificate status: Success (0)
Jul 29 09:03:09 linuxbox-hubv3 node[12084]: 2026-07-29 09:03:09.836 INFO   ClientInteraction    Invoke » @0:0•eb81(ble)⇵0bcf 0.operationalCredentials.addNoc with nocValue: 15300101022402013703241400182604cd4a1b3026054d81c8443706241502241107182407012408013009410432f2b9a858b5dfc58c96ed8dd447232d5a5f6b501d4444e32eb61dd79f85ac86a8dd57d6c62b74bd4d4f799a5b8d209c0593a17ba2977cd1b1783a1ff53d1141370a350128011824020136030402040118300414df90e35e5a6c683d2d08e353f91ba730301683d73005144ea8c9341b20a00af7775104ca2d01ef25afff0418300b4056998777f1f33ad9b8e0963f13d1ce44d93c586f191ab0fd1804e50ea7826e1fd454232287d9fdca188ababde55cf11fe7530e3428fb77c8977c1172884441e518 icacValue:  ipkValue: <IPK_REDACTED> adminVendorId: 4939 caseAdminSubject: 112233
Jul 29 09:03:14 linuxbox-hubv3 node[12084]: 2026-07-29 09:03:14.244 INFO   ClientInteraction    Invoke « @0:0•eb81(ble)⇵0bcf 0.operationalCredentials.addNoc statusCode: 0 fabricIndex: 1
Jul 29 09:03:14 linuxbox-hubv3 node[12084]: 2026-07-29 09:03:14.248 INFO   Controller~missioner After Commissioning step 11.1: OperationalCredentials.Certificates succeeded, 27.4s left for failsafe timer, re-arming failsafe
Jul 29 09:03:14 linuxbox-hubv3 node[12084]: 2026-07-29 09:03:14.252 INFO   ClientInteraction    Invoke » @0:0•eb81(ble)⇵0bd0 0.generalCommissioning.armFailSafe with breadcrumb: 2 expiryLengthSeconds: 60
Jul 29 09:03:15 linuxbox-hubv3 node[12084]: 2026-07-29 09:03:15.592 INFO   ClientInteraction    Invoke « @0:0•eb81(ble)⇵0bd0 0.generalCommissioning.armFailSafe errorCode: 0 debugText:
Jul 29 09:03:15 linuxbox-hubv3 node[12084]: 2026-07-29 09:03:15.596 INFO   Controller~missioner Executing commissioning step 15.1: AccessControl
Jul 29 09:03:15 linuxbox-hubv3 node[12084]: 2026-07-29 09:03:15.598 INFO   Controller~missioner Executing commissioning step 16.1: NetworkCommissioning.Validate
Jul 29 09:03:15 linuxbox-hubv3 node[12084]: 2026-07-29 09:03:15.601 INFO   Controller~missioner Executing commissioning step 16.2: NetworkCommissioning.Wifi
Jul 29 09:03:15 linuxbox-hubv3 node[12084]: 2026-07-29 09:03:15.605 INFO   ClientInteraction    Invoke » @0:0•eb81(ble)⇵0bd1 0.generalCommissioning.armFailSafe with breadcrumb: 2 expiryLengthSeconds: 60
Jul 29 09:03:16 linuxbox-hubv3 node[12084]: 2026-07-29 09:03:16.641 INFO   ClientInteraction    Invoke « @0:0•eb81(ble)⇵0bd1 0.generalCommissioning.armFailSafe errorCode: 0 debugText:
Jul 29 09:03:16 linuxbox-hubv3 node[12084]: 2026-07-29 09:03:16.650 INFO   ClientInteraction    Read » @0:0•eb81(ble)⇵0bd2 attributes: 0.networkCommissioning.*
Jul 29 09:03:18 linuxbox-hubv3 node[12084]: 2026-07-29 09:03:18.345 INFO   ClientInteraction    Read « @0:0•eb81(ble)⇵0bd2 attributes: 2 events: 0
Jul 29 09:03:18 linuxbox-hubv3 node[12084]: 2026-07-29 09:03:18.354 INFO   ClientInteraction    Invoke » @0:0•eb81(ble)⇵0bd3 0.generalCommissioning.armFailSafe with breadcrumb: 2 expiryLengthSeconds: 65
Jul 29 09:03:19 linuxbox-hubv3 node[12084]: 2026-07-29 09:03:19.542 INFO   ClientInteraction    Invoke « @0:0•eb81(ble)⇵0bd3 0.generalCommissioning.armFailSafe errorCode: 0 debugText:
Jul 29 09:03:19 linuxbox-hubv3 node[12084]: 2026-07-29 09:03:19.552 INFO   ClientInteraction    Invoke » @0:0•eb81(ble)⇵0bd4 0.networkCommissioning.scanNetworks with ssid: <WIFI_SSID_HEX> breadcrumb: 2
Jul 29 09:03:24 linuxbox-hubv3 node[12084]: 2026-07-29 09:03:24.157 INFO   ClientInteraction    Invoke « @0:0•eb81(ble)⇵0bd4 0.networkCommissioning.scanNetworks networkingStatus: 0 wiFiScanResults: { security: { unencrypted: true, wep: true, wpaPersonal: false, wpa2Personal: false, wpa3Personal: false }, ssid: <WIFI_SSID_HEX>, bssid: <ROUTER_BSSID_REDACTED>, channel: 6, wiFiBand: 0, rssi: -31 }
Jul 29 09:03:24 linuxbox-hubv3 node[12084]: 2026-07-29 09:03:24.178 INFO   ClientInteraction    Invoke » @0:0•eb81(ble)⇵0bd5 0.networkCommissioning.addOrUpdateWiFiNetwork with ssid: <WIFI_SSID_HEX> credentials: <WIFI_PASSWORD_HEX> breadcrumb: 3
Jul 29 09:03:25 linuxbox-hubv3 node[12084]: 2026-07-29 09:03:25.745 INFO   ClientInteraction    Invoke « @0:0•eb81(ble)⇵0bd5 0.networkCommissioning.addOrUpdateWiFiNetwork networkingStatus: 0 networkIndex: 0
Jul 29 09:03:25 linuxbox-hubv3 node[12084]: 2026-07-29 09:03:25.750 INFO   ClientInteraction    Read » @0:0•eb81(ble)⇵0bd6 attributes: 0.networkCommissioning.*
Jul 29 09:03:27 linuxbox-hubv3 node[12084]: 2026-07-29 09:03:27.144 INFO   ClientInteraction    Read « @0:0•eb81(ble)⇵0bd6 attributes: 1 events: 0
Jul 29 09:03:27 linuxbox-hubv3 node[12084]: 2026-07-29 09:03:27.150 INFO   ClientInteraction    Invoke » @0:0•eb81(ble)⇵0bd7 0.generalCommissioning.armFailSafe with breadcrumb: 4 expiryLengthSeconds: 365
Jul 29 09:03:28 linuxbox-hubv3 node[12084]: 2026-07-29 09:03:28.691 INFO   ClientInteraction    Invoke « @0:0•eb81(ble)⇵0bd7 0.generalCommissioning.armFailSafe errorCode: 0 debugText:
Jul 29 09:03:28 linuxbox-hubv3 node[12084]: 2026-07-29 09:03:28.699 INFO   ClientInteraction    Invoke » @0:0•eb81(ble)⇵0bd8 0.networkCommissioning.connectNetwork with networkId: <WIFI_SSID_HEX> breadcrumb: 4
Jul 29 09:03:31 linuxbox-hubv3 node[12084]: 2026-07-29 09:03:31.994 INFO   ClientInteraction    Invoke « @0:0•eb81(ble)⇵0bd8 0.networkCommissioning.connectNetwork networkingStatus: 0 errorValue: null
Jul 29 09:03:31 linuxbox-hubv3 node[12084]: 2026-07-29 09:03:31.998 INFO   Controller~missioner Executing commissioning step 18.1: Reconnect
Jul 29 09:03:32 linuxbox-hubv3 node[12084]: 2026-07-29 09:03:32.036 INFO   NetworkProfiles      Configure profile unknown:connect exchanges: 4 timeout: 10000
Jul 29 09:03:32 linuxbox-hubv3 node[12084]: 2026-07-29 09:03:32.038 INFO   NetworkProfiles      Configure profile unknown:probe exchanges: 2 timeout: 15000
Jul 29 09:03:32 linuxbox-hubv3 node[12084]: 2026-07-29 09:03:32.040 INFO   NetworkProfiles      Configure profile unknown exchanges: 4 delay: 100 additionalMrpDelay: 1500
Jul 29 09:03:32 linuxbox-hubv3 node[12084]: 2026-07-29 09:03:32.076 INFO   PeerConnection       @1:7•unsecured#201c3855f5727a14⇵0bd9 ip://<DEVICE_IP_REDACTED>:5540 Connecting addr #: 1 attempt #: 1 connect time: 40ms addr time: 10ms unknown:connect
Jul 29 09:03:32 linuxbox-hubv3 node[12084]: 2026-07-29 09:03:32.571 INFO   CaseClient           @1:7•eb82 New session with @1:7 4↔2 address: udp://<DEVICE_IP_REDACTED>:5540 fabric: f3182309f3d23130 (#1) SII: 5.3s SAI: 500ms SAT: 300ms DMRev: 17 IMRev: 11 spec: 0x0 maxPaths: 1 CATs:
Jul 29 09:03:32 linuxbox-hubv3 node[12084]: 2026-07-29 09:03:32.590 INFO   IpServiceStatus      @1:7 Connected
Jul 29 09:03:32 linuxbox-hubv3 node[12084]: 2026-07-29 09:03:32.613 INFO   Session              •unsecured#201c3855f5727a14 Session ended
Jul 29 09:03:32 linuxbox-hubv3 node[12084]: 2026-07-29 09:03:32.623 INFO   Controller~missioner Executing commissioning step 20.1: GeneralCommissioning.Complete
Jul 29 09:03:32 linuxbox-hubv3 node[12084]: 2026-07-29 09:03:32.633 INFO   ClientInteraction    Invoke » @1:7•eb82⇵0bda 0.generalCommissioning.commissioningComplete with (no payload)
Jul 29 09:03:32 linuxbox-hubv3 node[12084]: 2026-07-29 09:03:32.792 INFO   ClientInteraction    Invoke « @1:7•eb82⇵0bda 0.generalCommissioning.commissioningComplete errorCode: 0 debugText:
Jul 29 09:03:32 linuxbox-hubv3 node[12084]: 2026-07-29 09:03:32.799 INFO   Controller~missioner Executing commissioning step 98.1: OperationalCredentials.UpdateFabricLabel
Jul 29 09:03:32 linuxbox-hubv3 node[12084]: 2026-07-29 09:03:32.807 INFO   ClientInteraction    Invoke » @1:7•eb82⇵0bdb 0.operationalCredentials.updateFabricLabel with label: Home
Jul 29 09:03:32 linuxbox-hubv3 node[12084]: 2026-07-29 09:03:32.931 INFO   ClientInteraction    Invoke « @1:7•eb82⇵0bdb 0.operationalCredentials.updateFabricLabel statusCode: 0 fabricIndex: 1
Jul 29 09:03:32 linuxbox-hubv3 node[12084]: 2026-07-29 09:03:32.946 INFO   Session              @0:0•eb81 Session ended
Jul 29 09:03:32 linuxbox-hubv3 node[12084]: 2026-07-29 09:03:32.977 INFO   CommissioningClient  Operational address changed for @1:7 from to udp://<DEVICE_IP_REDACTED>:5540
Jul 29 09:03:32 linuxbox-hubv3 node[12084]: 2026-07-29 09:03:32.981 NOTICE CommissioningClient  Commissioned peer1 as @1:7
Jul 29 09:03:32 linuxbox-hubv3 node[12084]: 2026-07-29 09:03:32.985 INFO   ClientNode           server-2-134b.@1:7 going online
Jul 29 09:03:33 linuxbox-hubv3 node[12084]: 2026-07-29 09:03:33.001 INFO   ClientNode           server-2-134b.@1:7 is online
Jul 29 09:03:33 linuxbox-hubv3 node[12084]: 2026-07-29 09:03:33.025 INFO   FabricAccessControl  ACL List updated privilege: 5 authMode: 2 subjects: 112233 targets: null fabricIndex: 1 privilege: 3 authMode: 2 subjects:  targets: { cluster: 41, endpoint: 1, deviceType: null } fabricIndex: 1 privilege: 3 authMode: 2 subjects:  targets: { cluster: 1364, endpoint: 2, deviceType: null } fabricIndex: 1
Jul 29 09:03:33 linuxbox-hubv3 node[12084]: 2026-07-29 09:03:33.037 INFO   Commission~ontroller Connecting to node @1:7 ...
Jul 29 09:03:33 linuxbox-hubv3 node[12084]: 2026-07-29 09:03:33.050 INFO   PairedNode           @1:7 Created paired node with device data { supportsThread: false, supportsWifi: false, supportsEthernet: false, rootEndpointServerList: [], isMainsPowered: false, isBatteryPowered: false, isIntermittentlyConnected: false, isLongIdleTimeOperating: false, isThreadSleepyEndDevice: false, deviceTypes: {} }
Jul 29 09:03:33 linuxbox-hubv3 node[12084]: 2026-07-29 09:03:33.118 INFO   ClientInteraction    Read » @1:7•eb82⇵0bdc bootstrap attributes: 1 events: 1
Jul 29 09:03:35 linuxbox-hubv3 node[12084]: 2026-07-29 09:03:35.758 INFO   ClientInteraction    Read « @1:7•eb82⇵0bdc 11↔11 attributes: 331 events: 3
Jul 29 09:03:37 linuxbox-hubv3 node[12084]: 2026-07-29 09:03:37.474 INFO   Endpoint             server-2-134b.@1:7.ep1 ready endpoint#: 1 type: ExtendedColorLight (0x010d, rev 0) behaviors: ✓identify ✓groups ✓onOff ✓levelControl ✓descriptor ✓colorControl
Jul 29 09:03:37 linuxbox-hubv3 node[12084]: 2026-07-29 09:03:37.547 INFO   Endpoint             server-2-134b.@1:7.ep2 ready endpoint#: 2 type: LightSensor (0x0106, rev 0) behaviors: ✓identify ✓descriptor ✓illuminanceMeasurement
Jul 29 09:03:37 linuxbox-hubv3 node[12084]: 2026-07-29 09:03:37.663 INFO   Endpoint             server-2-134b.@1:7.ep3 ready endpoint#: 3 type: OccupancySensor (0x0107, rev 0) behaviors: ✓identify ✓descriptor ✓occupancySensing
Jul 29 09:03:37 linuxbox-hubv3 node[12084]: 2026-07-29 09:03:37.689 INFO   ClientEventEmitter   Received event basicInformation.startUp on server-2-134b.@1:7 softwareVersion: 51
Jul 29 09:03:37 linuxbox-hubv3 node[12084]: 2026-07-29 09:03:37.714 INFO   ClientEventEmitter   Received event accessControl.accessControlEntryChanged on server-2-134b.@1:7 adminNodeId: null adminPasscodeId: 0 changeType: 1 latestValue: { privilege: 5, authMode: 2, subjects: [ 112233 ], targets: null, fabricIndex: 1 } fabricIndex: 1
Jul 29 09:03:37 linuxbox-hubv3 node[12084]: 2026-07-29 09:03:37.732 INFO   ClientEventEmitter   Received event wiFiNetworkDiagnostics.connectionStatus on server-2-134b.@1:7 connectionStatus: 0
Jul 29 09:03:37 linuxbox-hubv3 node[12084]: 2026-07-29 09:03:37.755 INFO   NetworkProfiles      Configure profile wifi exchanges: 200 additionalMrpDelay: 1000
Jul 29 09:03:37 linuxbox-hubv3 node[12084]: 2026-07-29 09:03:37.761 INFO   ClientInteraction    Subscribe » @1:7•eb82⇵0bdd min: 0 max: 1m 3s attributes: 1 events: 1
Jul 29 09:03:37 linuxbox-hubv3 node[12084]: 2026-07-29 09:03:37.868 INFO   ClientInteraction    Subscription successful « @1:7•eb82⇵0bdd 2↔2 id: 55e7b844 interval: 2s timeout: 40.5s
Jul 29 09:03:37 linuxbox-hubv3 node[12084]: 2026-07-29 09:03:37.881 INFO   PairedNode           @1:7 Endpoint structure needs to be updated ...
Jul 29 09:03:43 linuxbox-hubv3 node[12084]: 2026-07-29 09:03:43.388 INFO   WebSocketC~erHandler [0] Sending endpoint_added event for Node @1:7 endpoint 1
Jul 29 09:03:43 linuxbox-hubv3 node[12084]: 2026-07-29 09:03:43.391 INFO   WebSocketC~erHandler [1] Sending endpoint_added event for Node @1:7 endpoint 1
Jul 29 09:03:43 linuxbox-hubv3 node[12084]: 2026-07-29 09:03:43.393 INFO   WebSocketC~erHandler [0] Sending endpoint_added event for Node @1:7 endpoint 2
Jul 29 09:03:43 linuxbox-hubv3 node[12084]: 2026-07-29 09:03:43.396 INFO   WebSocketC~erHandler [1] Sending endpoint_added event for Node @1:7 endpoint 2
Jul 29 09:03:43 linuxbox-hubv3 node[12084]: 2026-07-29 09:03:43.398 INFO   WebSocketC~erHandler [0] Sending endpoint_added event for Node @1:7 endpoint 3
Jul 29 09:03:43 linuxbox-hubv3 node[12084]: 2026-07-29 09:03:43.400 INFO   WebSocketC~erHandler [1] Sending endpoint_added event for Node @1:7 endpoint 3
Jul 29 09:03:46 linuxbox-hubv3 node[12084]: 2026-07-29 09:03:46.921 INFO   WebSocketC~erHandler [1] WebSocket connection closed
Jul 29 09:03:47 linuxbox-hubv3 node[12084]: 2026-07-29 09:03:47.026 INFO   WebSocketC~erHandler [2] WebSocket connection established
Jul 29 09:03:47 linuxbox-hubv3 node[12084]: 2026-07-29 09:03:47.044 INFO   WebSocketC~erHandler WebSocket server start_listening
Jul 29 09:03:47 linuxbox-hubv3 node[12084]: 2026-07-29 09:03:47.046 INFO   WebSocketC~erHandler WebSocket server start_listening. Returned 1 nodes
